// Jest Snapshot v1, https://goo.gl/fbAQLP

exports[`codegen happy path 1`] = `
"function render() {
  return h ('div',[h ('p','Vue'),h ('p','Template')])
}"
`;
